 Entering Gaussian System, Link 0=g09
 Input=h2o.g09
 Output=h2o.log
 Initial command:
 /usr/local/lib/g09_revD.01_amd64/g09/l1.exe "/scratch/duignan/Gau-11998.inp" -scrdir="/scratch/duignan/"
 Entering Link 1 = /usr/local/lib/g09_revD.01_amd64/g09/l1.exe PID=     11999.
  
 Copyright (c) 1988,1990,1992,1993,1995,1998,2003,2009,2013,
            Gaussian, Inc.  All Rights Reserved.
  
 This is part of the Gaussian(R) 09 program.  It is based on
 the Gaussian(R) 03 system (copyright 2003, Gaussian, Inc.),
 the Gaussian(R) 98 system (copyright 1998, Gaussian, Inc.),
 the Gaussian(R) 94 system (copyright 1995, Gaussian, Inc.),
 the Gaussian 92(TM) system (copyright 1992, Gaussian, Inc.),
 the Gaussian 90(TM) system (copyright 1990, Gaussian, Inc.),
 the Gaussian 88(TM) system (copyright 1988, Gaussian, Inc.),
 the Gaussian 86(TM) system (copyright 1986, Carnegie Mellon
 University), and the Gaussian 82(TM) system (copyright 1983,
 Carnegie Mellon University). Gaussian is a federally registered
 trademark of Gaussian, Inc.
  
 This software contains proprietary and confidential information,
 including trade secrets, belonging to Gaussian, Inc.
  
 This software is provided under written license and may be
 used, copied, transmitted, or stored only in accord with that
 written license.
  
 The following legend is applicable only to US Government
 contracts under FAR:
  
                    RESTRICTED RIGHTS LEGEND
  
 Use, reproduction and disclosure by the US Government is
 subject to restrictions as set forth in subparagraphs (a)
 and (c) of the Commercial Computer Software - Restricted
 Rights clause in FAR 52.227-19.
  
 Gaussian, Inc.
 340 Quinnipiac St., Bldg. 40, Wallingford CT 06492
  
  
 ---------------------------------------------------------------
 Warning -- This program may not be used in any manner that
 competes with the business of Gaussian, Inc. or will provide
 assistance to any competitor of Gaussian, Inc.  The licensee
 of this program is prohibited from giving any competitor of
 Gaussian, Inc. access to this program.  By using this program,
 the user acknowledges that Gaussian, Inc. is engaged in the
 business of creating and licensing software in the field of
 computational chemistry and represents and warrants to the
 licensee that it is not a competitor of Gaussian, Inc. and that
 it will not use this program in any manner prohibited above.
 ---------------------------------------------------------------
  

 Cite this work as:
 Gaussian 09, Revision D.01,
 M. J. Frisch, G. W. Trucks, H. B. Schlegel, G. E. Scuseria, 
 M. A. Robb, J. R. Cheeseman, G. Scalmani, V. Barone, B. Mennucci, 
 G. A. Petersson, H. Nakatsuji, M. Caricato, X. Li, H. P. Hratchian, 
 A. F. Izmaylov, J. Bloino, G. Zheng, J. L. Sonnenberg, M. Hada, 
 M. Ehara, K. Toyota, R. Fukuda, J. Hasegawa, M. Ishida, T. Nakajima, 
 Y. Honda, O. Kitao, H. Nakai, T. Vreven, J. A. Montgomery, Jr., 
 J. E. Peralta, F. Ogliaro, M. Bearpark, J. J. Heyd, E. Brothers, 
 K. N. Kudin, V. N. Staroverov, T. Keith, R. Kobayashi, J. Normand, 
 K. Raghavachari, A. Rendell, J. C. Burant, S. S. Iyengar, J. Tomasi, 
 M. Cossi, N. Rega, J. M. Millam, M. Klene, J. E. Knox, J. B. Cross, 
 V. Bakken, C. Adamo, J. Jaramillo, R. Gomperts, R. E. Stratmann, 
 O. Yazyev, A. J. Austin, R. Cammi, C. Pomelli, J. W. Ochterski, 
 R. L. Martin, K. Morokuma, V. G. Zakrzewski, G. A. Voth, 
 P. Salvador, J. J. Dannenberg, S. Dapprich, A. D. Daniels, 
 O. Farkas, J. B. Foresman, J. V. Ortiz, J. Cioslowski, 
 and D. J. Fox, Gaussian, Inc., Wallingford CT, 2013.
 
 ******************************************
 Gaussian 09:  AM64L-G09RevD.01 24-Apr-2013
                14-Jul-2017 
 ******************************************
 %chk=h2o.chk
 %NProc=1
 Will use up to    1 processors via shared memory.
 ----------------------------------------------------------
 #P PBEPBE/STO-3G gfinput pop(full) IOP(3/75=5) IOP(3/33=1)
 ----------------------------------------------------------
 1/38=1/1;
 2/12=2,17=6,18=5,40=1/2;
 3/6=3,11=2,16=1,24=10,25=1,30=1,33=1,74=1009,75=5/1,2,3;
 4//1;
 5/5=2,38=5/2;
 6/7=3,28=1/1;
 99/5=1,9=1/99;
 Leave Link    1 at Fri Jul 14 17:30:17 2017, MaxMem=           0 cpu:         0.0
 (Enter /usr/local/lib/g09_revD.01_amd64/g09/l101.exe)
 -----------------------------------
 h2o -- generated by exatomic.v0.3.6
 -----------------------------------
 Symbolic Z-matrix:
 Charge =  0 Multiplicity = 1
 O                     0.        0.        0. 
 H                     1.1       0.        0. 
 H                    -0.2661    1.0673    0. 
 
 NAtoms=      3 NQM=        3 NQMF=       0 NMMI=      0 NMMIF=      0
                NMic=       0 NMicF=      0.
                    Isotopes and Nuclear Properties:
 (Nuclear quadrupole moments (NQMom) in fm**2, nuclear magnetic moments (NMagM)
  in nuclear magnetons)

  Atom         1           2           3
 IAtWgt=          16           1           1
 AtmWgt=  15.9949146   1.0078250   1.0078250
 NucSpn=           0           1           1
 AtZEff=   0.0000000   0.0000000   0.0000000
 NQMom=    0.0000000   0.0000000   0.0000000
 NMagM=    0.0000000   2.7928460   2.7928460
 AtZNuc=   8.0000000   1.0000000   1.0000000
 Leave Link  101 at Fri Jul 14 17:30:17 2017, MaxMem=    33554432 cpu:         0.1
 (Enter /usr/local/lib/g09_revD.01_amd64/g09/l202.exe)
                          Input orientation:                          
 ---------------------------------------------------------------------
 Center     Atomic      Atomic             Coordinates (Angstroms)
 Number     Number       Type             X           Y           Z
 ---------------------------------------------------------------------
      1          8           0        0.000000    0.000000    0.000000
      2          1           0        1.100000    0.000000    0.000000
      3          1           0       -0.266100    1.067300    0.000000
 ---------------------------------------------------------------------
                    Distance matrix (angstroms):
                    1          2          3
     1  O    0.000000
     2  H    1.100000   0.000000
     3  H    1.099972   1.733597   0.000000
 Stoichiometry    H2O
 Framework group  CS[SG(H2O)]
 Deg. of freedom     3
 Full point group                 CS      NOp   2
 Largest Abelian subgroup         CS      NOp   2
 Largest concise Abelian subgroup C1      NOp   1
                         Standard orientation:                         
 ---------------------------------------------------------------------
 Center     Atomic      Atomic             Coordinates (Angstroms)
 Number     Number       Type             X           Y           Z
 ---------------------------------------------------------------------
      1          8           0        0.000000    0.135444    0.000000
      2          1           0        0.866798   -0.541800    0.000000
      3          1           0       -0.866798   -0.541755    0.000000
 ---------------------------------------------------------------------
 Rotational constants (GHZ):    615.5812128    333.7073430    216.3978167
 Leave Link  202 at Fri Jul 14 17:30:17 2017, MaxMem=    33554432 cpu:         0.0
 (Enter /usr/local/lib/g09_revD.01_amd64/g09/l301.exe)
 Standard basis: STO-3G (5D, 7F)
                         Coordinates in L301:                         
 ---------------------------------------------------------------------
 Center     Atomic      Atomic             Coordinates (Angstroms)
 Number     Number       Type             X           Y           Z
 ---------------------------------------------------------------------
      1          8           0        0.000000    0.135444    0.000000
      2          1           0        0.866798   -0.541800    0.000000
      3          1           0       -0.866798   -0.541755    0.000000
 ---------------------------------------------------------------------
 FixB: optimizing general contractions.
 Ernie: Thresh=  0.10000D-02 Tol=  0.10000D-05 Strict=F.
 IA=     1 ShT= 0 ShC= 0 NL=   1 NS=   0.
 IA=     1 L=0 SC=0 ISt=    0 NBk=    0 NP=    0 IndPr=    0.
 IA=     1 ShT= 1 ShC= 0 NL=   1 NS=   0.
 IA=     1 L=1 SC=0 ISt=    0 NBk=    0 NP=    0 IndPr=    0.
 IA=     2 ShT= 0 ShC= 0 NL=   1 NS=   0.
 IA=     2 L=0 SC=0 ISt=    0 NBk=    0 NP=    0 IndPr=    0.
 IA=     3 ShT= 0 ShC= 0 NL=   1 NS=   0.
 IA=     3 L=0 SC=0 ISt=    0 NBk=    0 NP=    0 IndPr=    0.
 AO basis set in the form of general basis input (Overlap normalization):
      1 0
 S   3 1.00       0.000000000000
      0.1307093214D+03  0.1543289673D+00
      0.2380886605D+02  0.5353281423D+00
      0.6443608313D+01  0.4446345422D+00
 SP   3 1.00       0.000000000000
      0.5033151319D+01 -0.9996722919D-01  0.1559162750D+00
      0.1169596125D+01  0.3995128261D+00  0.6076837186D+00
      0.3803889600D+00  0.7001154689D+00  0.3919573931D+00
 ****
      2 0
 S   3 1.00       0.000000000000
      0.3425250914D+01  0.1543289673D+00
      0.6239137298D+00  0.5353281423D+00
      0.1688554040D+00  0.4446345422D+00
 ****
      3 0
 S   3 1.00       0.000000000000
      0.3425250914D+01  0.1543289673D+00
      0.6239137298D+00  0.5353281423D+00
      0.1688554040D+00  0.4446345422D+00
 ****

 LdAtmC:  AtmChg=     8.000000     1.000000     1.000000
 AtZEff=     -5.6000000     -1.0000000     -1.0000000
 NEqShl: 
              1            2
     1            1            1
     2            2            2
     3            3            3
     4            4            4
 NEqBas: 
              1            2
     1            1            1
     2            2            2
     3            3            3
     4            4            4
     5            5           -5
     6            6            6
     7            7            7
 There are     6 symmetry adapted cartesian basis functions of A'  symmetry.
   1         1   1
   2         2   2
   3         3   3
   4         4   4
   5         6   6
   6         7   7
 There are     1 symmetry adapted cartesian basis functions of A"  symmetry.
   7         5   5
 Order= 1 2
 Reordered character table:
              1            2            3
     1            1            1            1
     2            2            1           -1
 NEqShl: 
              1            2
     1            1            1
     2            2            2
     3            3            3
     4            4            4
 NEqBas: 
              1            2
     1            1            1
     2            2            2
     3            3            3
     4            4            4
     5            5           -5
     6            6            6
     7            7            7
 There are     6 symmetry adapted basis functions of A'  symmetry.
   1         1   1
   2         2   2
   3         3   3
   4         4   4
   5         6   6
   6         7   7
 There are     1 symmetry adapted basis functions of A"  symmetry.
   7         5   5
 Order= 1 2
 Reordered character table:
              1            2            3
     1            1            1            1
     2            2            1           -1
     7 basis functions,    21 primitive gaussians,     7 cartesian basis functions
     5 alpha electrons        5 beta electrons
       nuclear repulsion energy         8.0024689556 Hartrees.
 IS=     1 IAt=     1 ISR=     1 T=0 IP=      1 IndIP=      1 IndIPD=      0 C=  4.251943D+00  0.000000D+00                             NZ=T
 IS=     1 IAt=     1 ISR=     1 T=0 IP=      2 IndIP=      2 IndIPD=      1 C=  4.112294D+00  0.000000D+00                             NZ=T
 IS=     1 IAt=     1 ISR=     1 T=0 IP=      3 IndIP=      3 IndIPD=      2 C=  1.281623D+00  0.000000D+00                             NZ=T
 IS=     2 IAt=     1 ISR=     2 T=1 IP=      1 IndIP=      4 IndIPD=      0 C= -2.394130D-01  1.675450D+00                             NZ=T
 IS=     2 IAt=     1 ISR=     2 T=1 IP=      2 IndIP=      5 IndIPD=      1 C=  3.202342D-01  1.053568D+00                             NZ=T
 IS=     2 IAt=     1 ISR=     2 T=1 IP=      3 IndIP=      6 IndIPD=      2 C=  2.416856D-01  1.669029D-01                             NZ=T
 IS=     3 IAt=     2 ISR=     1 T=0 IP=      1 IndIP=      7 IndIPD=      0 C=  2.769344D-01  0.000000D+00                             NZ=T
 IS=     3 IAt=     2 ISR=     1 T=0 IP=      2 IndIP=      8 IndIPD=      1 C=  2.678389D-01  0.000000D+00                             NZ=T
 IS=     3 IAt=     2 ISR=     1 T=0 IP=      3 IndIP=      9 IndIPD=      2 C=  8.347367D-02  0.000000D+00                             NZ=T
 IS=     4 IAt=     3 ISR=     1 T=0 IP=      1 IndIP=     10 IndIPD=      0 C=  2.769344D-01  0.000000D+00                             NZ=T
 IS=     4 IAt=     3 ISR=     1 T=0 IP=      2 IndIP=     11 IndIPD=      1 C=  2.678389D-01  0.000000D+00                             NZ=T
 IS=     4 IAt=     3 ISR=     1 T=0 IP=      3 IndIP=     12 IndIPD=      2 C=  8.347367D-02  0.000000D+00                             NZ=T
 IExCor= 1009 DFT=T Ex=PBE Corr=PBE ExCW=0 ScaHFX=  0.000000
 ScaDFX=  1.000000  1.000000  1.000000  1.000000 ScalE2=  1.000000  1.000000
 IRadAn=      5 IRanWt=     -1 IRanGd=            0 ICorTp=0 IEmpDi=  4
 NAtoms=    3 NActive=    3 NUniq=    3 SFac= 1.00D+00 NAtFMM=   60 NAOKFM=F Big=F
 Integral buffers will be    131072 words long.
 Raffenetti 2 integral format.
 Two-electron integral symmetry is turned on.
 Leave Link  301 at Fri Jul 14 17:30:17 2017, MaxMem=    33554432 cpu:         0.1
 (Enter /usr/local/lib/g09_revD.01_amd64/g09/l302.exe)
 NPDir=0 NMtPBC=     1 NCelOv=     1 NCel=       1 NClECP=     1 NCelD=      1
         NCelK=      1 NCelE2=     1 NClLst=     1 CellRange=     0.0.
 One-electron integrals computed using PRISM.
 Entering OneElI...
 Calculate overlap and kinetic energy integrals
    NBasis =   7  MinDer = 0  MaxDer = 0
 Requested accuracy = 0.1000D-12
 PrsmSu:  NPrtUS=   1 ThrOK=F IAlg=1 NPAlg=1 LenDen=           0.
 Prism:   IPart=     0 DynPar=F LinDyn=F Incr=           1.
 PRISM was handed    33552075 working-precision words and    10 shell-pairs
 IPart=  0 NShTot=          10 NBatch=           3 AvBLen=         3.3
 PrSmSu:  NxtVal=              2.
 *** Overlap *** 
                1             2             3             4             5 
      1  0.100000D+01
      2  0.236704D+00  0.100000D+01
      3  0.000000D+00  0.000000D+00  0.100000D+01
      4  0.000000D+00  0.000000D+00  0.000000D+00  0.100000D+01
      5  0.000000D+00  0.000000D+00  0.000000D+00  0.000000D+00  0.100000D+01
      6  0.384056D-01  0.386139D+00  0.268434D+00 -0.209732D+00  0.000000D+00
      7  0.384081D-01  0.386155D+00 -0.268449D+00 -0.209730D+00  0.000000D+00
                6             7 
      6  0.100000D+01
      7  0.181767D+00  0.100000D+01
 *** Kinetic Energy *** 
                1             2             3             4             5 
      1  0.290032D+02
      2 -0.168011D+00  0.808128D+00
      3  0.000000D+00  0.000000D+00  0.252873D+01
      4  0.000000D+00  0.000000D+00  0.000000D+00  0.252873D+01
      5  0.000000D+00  0.000000D+00  0.000000D+00  0.000000D+00  0.252873D+01
      6 -0.841638D-02  0.705174D-01  0.147089D+00 -0.114923D+00  0.000000D+00
      7 -0.841593D-02  0.705268D-01 -0.147105D+00 -0.114928D+00  0.000000D+00
                6             7 
      6  0.760032D+00
      7 -0.397888D-02  0.760032D+00
 Entering OneElI...
 Calculate potential energy integrals
    NBasis =   7  MinDer = 0  MaxDer = 0
 Requested accuracy = 0.1000D-12
 PrsmSu:  NPrtUS=   1 ThrOK=F IAlg=1 NPAlg=1 LenDen=           0.
 Prism:   IPart=     0 DynPar=F LinDyn=F Incr=           1.
 PRISM was handed    33551985 working-precision words and    10 shell-pairs
 IPart=  0 NShTot=          30 NBatch=          10 AvBLen=         3.0
 PrSmSu:  NxtVal=              2.
 ***** Potential Energy ***** 
                1             2             3             4             5 
      1  0.615806D+02
      2  0.741082D+01  0.100091D+02
      3  0.000000D+00 -0.804729D-05  0.998756D+01
      4 -0.144743D-01 -0.176895D+00  0.206044D-05  0.994406D+01
      5  0.000000D+00  0.000000D+00  0.000000D+00  0.000000D+00  0.987589D+01
      6  0.123169D+01  0.297723D+01  0.182221D+01 -0.147183D+01  0.000000D+00
      7  0.123177D+01  0.297738D+01 -0.182234D+01 -0.147183D+01  0.000000D+00
                6             7 
      6  0.530021D+01
      7  0.106722D+01  0.530029D+01
 ****** Core Hamiltonian ****** 
                1             2             3             4             5 
      1 -0.325774D+02
      2 -0.757884D+01 -0.920095D+01
      3  0.000000D+00  0.804729D-05 -0.745883D+01
      4  0.144743D-01  0.176895D+00 -0.206044D-05 -0.741532D+01
      5  0.000000D+00  0.000000D+00  0.000000D+00  0.000000D+00 -0.734715D+01
      6 -0.124010D+01 -0.290671D+01 -0.167512D+01  0.135690D+01  0.000000D+00
      7 -0.124018D+01 -0.290685D+01  0.167523D+01  0.135690D+01  0.000000D+00
                6             7 
      6 -0.454018D+01
      7 -0.107120D+01 -0.454026D+01
 SVDSVc IOpt=  1 IR=1
 SVDSVc V= 3.52D+00 2.60D+00 2.20D+00 1.77D+00 1.04D+00 8.68D-01
 SVDSVc IOpt=  1 IR=2
 SVDSVc V= 2.00D+00
 TstOVc:  Largest diagonal error= 1.11D-15 IB=1 I=    2.
 TstOVc:  Largest same sym error= 5.65D-16 IB=1 I=    6 J=    4.
 TstOVc:  Largest diff sym error= 0.00D+00 IB=0 JB=0 I=    0 J=    0.
 Orthogonalized basis functions: 
                 1             2             3             4             5 
      1   0.176687D+00  0.493024D-05  0.616438D+00  0.732194D+00 -0.437834D-04
      2   0.444029D+00  0.732284D-05  0.309011D+00 -0.294750D+00  0.102308D-03
      3  -0.129983D-04  0.688732D+00  0.128838D-04 -0.892566D-05  0.859909D+00
      4  -0.211347D+00 -0.159652D-04  0.623851D+00 -0.663795D+00 -0.614806D-04
      5   0.000000D+00  0.000000D+00  0.000000D+00  0.000000D+00  0.000000D+00
      6   0.383779D+00  0.384189D+00 -0.148883D+00 -0.180811D+00 -0.770861D+00
      7   0.383794D+00 -0.384170D+00 -0.148879D+00 -0.180804D+00  0.770728D+00
                 6             7 
      1  -0.346431D+00  0.000000D+00
      2   0.104113D+01  0.000000D+00
      3  -0.107801D-03  0.000000D+00
      4  -0.486756D+00  0.000000D+00
      5   0.000000D+00  0.100000D+01
      6  -0.656460D+00  0.000000D+00
      7  -0.656649D+00  0.000000D+00
 NBasis=     7 RedAO= T EigKep=  6.14D-01  NBF=     6     1
 NBsUse=     7 1.00D-06 EigRej= -1.00D+00 NBFU=     6     1
 Precomputing XC quadrature grid using
 IXCGrd= 4 IRadAn=           5 IRanWt=          -1 IRanGd=           0 AccXCQ= 0.00D+00.
 SetAtRh:  ITypeU=  24 NETotI=       0 ICharg=*** NETot=       0.
 StAtR1:  I=    1 I1=    1 IA=  8 C=   8.0 OKShel=TTT
                                                  SSP
                                                  224
 StAtR1:  I=    2 I1=    2 IA=  1 C=   1.0 OKShel=T
                                                  S
                                                  1
 StAtR1:  I=    3 I1=    3 IA=  1 C=   1.0 OKShel=T
                                                  S
                                                  1
          I=    1 IA=  8 I1=    1 NAtG= 0 NE=   8.000 C=   0.000 Err=-8.00D+00
          I=    2 IA=  1 I1=    2 NAtG= 0 NE=   1.000 C=   0.000 Err=-1.00D+00
          I=    3 IA=  1 I1=    3 NAtG= 0 NE=   1.000 C=   0.000 Err=-1.00D+00
 Generated NRdTot=       0 NPtTot=           0 NUsed=           0 NTot=          32
 NSgBfM=     7     7     7     7     7 MxSgAt=     3 MxSgA2=     3.
 IGWInf( 1) =          32 (NGWInf)
 IGWInf( 2) =           3 (NAtomA)
 IGWInf( 3) =           5 (IRadAn)
 IGWInf( 4) =          -1 (IRanWt)
 IGWInf( 5) =           0 (IRanGd)
 IGWInf( 6) =           2 (IRType)
 IGWInf( 7) =           0 (NRdTot)
 IGWInf( 8) =           0 (NGWTot)
 IGWInf( 9) =       64308 (LGWBtD)
 IGWInf(10) =           0 (NAtBtD)
 IGWInf(11) =           0 (NIRBtD)
 IGWInf(12) =           0 (NRRBtD)
 IGWInf(13) =           1 (NClRep)
 IGWInf(14) =           0 (ICntr3)
 IGWInf(15) =           0 (IPFlag)
 IGWInf(16) =           0 (IGet)  
 IGWInf(17) =           0         
 IGWInf(18) =           7         
 IGWInf(19) =           7         
 IGWInf(20) =           7         
 IGWInf(21) =           7         
 IGWInf(22) =           7         
 IGWInf(23) =           3         
 IGWInf(24) =           3         
 IGWInf(25) =           0         
 IGWInf(26) =           0         
 IGWInf(27) =           0         
 IGWInf(28) =           0         
 IGWInf(29) =           0         
 IGWInf(30) =           0         
 IGWInf(31) =           0         
 IGWInf(32) =           0         
 IAtBtD: 
              1            2            3
 Leave Link  302 at Fri Jul 14 17:30:17 2017, MaxMem=    33554432 cpu:         0.2
 (Enter /usr/local/lib/g09_revD.01_amd64/g09/l303.exe)
 DipDrv:  MaxL=1.
 DipPsm:  J= 1 NJ= 4 MaxL=1 MMat= 4 MaxMat= 4.
 DipInt: DoE/N= T F RetVal/Mat= F T Init=T NMatP=  4 IDeriv=0 Min/MaxMlt=  0  1
 Entering OneElI...
 Multipole integrals L=0 to 1 MinM= 0 MaxM= 3.
 Requested accuracy = 0.1000D-12
 PrsmSu:  NPrtUS=   1 ThrOK=F IAlg=1 NPAlg=1 LenDen=           0.
 Prism:   IPart=     0 DynPar=F LinDyn=F Incr=           1.
 PRISM was handed    33552059 working-precision words and    10 shell-pairs
 IPart=  0 NShTot=          10 NBatch=           3 AvBLen=         3.3
 PrSmSu:  NxtVal=              2.
 Multipole matrices IBuc=  518 IX=    1 IJ=           1:
                1             2             3             4             5 
      1  0.000000D+00
      2  0.000000D+00  0.000000D+00
      3  0.507919D-01  0.641173D+00  0.000000D+00
      4  0.000000D+00  0.000000D+00  0.000000D+00  0.000000D+00
      5  0.000000D+00  0.000000D+00  0.000000D+00  0.000000D+00  0.000000D+00
      6  0.222962D-02  0.262738D+00  0.437625D+00 -0.147401D+00  0.000000D+00
      7 -0.222983D-02 -0.262751D+00  0.437647D+00  0.147400D+00  0.000000D+00
                6             7 
      6  0.163801D+01
      7  0.000000D+00 -0.163801D+01
 Multipole matrices IBuc=  518 IX=    2 IJ=           1:
                1             2             3             4             5 
      1  0.255953D+00
      2  0.605850D-01  0.255953D+00
      3  0.000000D+00  0.000000D+00  0.255953D+00
      4  0.507919D-01  0.641173D+00  0.000000D+00  0.255953D+00
      5  0.000000D+00  0.000000D+00  0.000000D+00  0.000000D+00  0.255953D+00
      6  0.808798D-02 -0.106449D+00 -0.786944D-01  0.310453D+00  0.000000D+00
      7  0.808859D-02 -0.106441D+00  0.786896D-01  0.310456D+00  0.000000D+00
                6             7 
      6 -0.102385D+01
      7 -0.186095D+00 -0.102377D+01
 Multipole matrices IBuc=  518 IX=    3 IJ=           1:
                1             2             3             4             5 
      1  0.000000D+00
      2  0.000000D+00  0.000000D+00
      3  0.000000D+00  0.000000D+00  0.000000D+00
      4  0.000000D+00  0.000000D+00  0.000000D+00  0.000000D+00
      5  0.507919D-01  0.641173D+00  0.000000D+00  0.000000D+00  0.000000D+00
      6  0.000000D+00  0.000000D+00  0.000000D+00  0.000000D+00  0.248968D+00
      7  0.000000D+00  0.000000D+00  0.000000D+00  0.000000D+00  0.248978D+00
                6             7 
      6  0.000000D+00
      7  0.000000D+00  0.000000D+00
 Fermi contact integrals: 
                 1             2             3 
      1   0.964586D+01  0.000000D+00  0.000000D+00
      2   0.322507D+00  0.487558D-01  0.487602D-01
      3   0.000000D+00  0.638573D-01 -0.638646D-01
      4   0.000000D+00 -0.498928D-01 -0.498951D-01
      5   0.000000D+00  0.000000D+00  0.000000D+00
      6   0.583158D-01  0.628247D+00  0.139616D-01
      7   0.583197D-01  0.139616D-01  0.628247D+00
 Leave Link  303 at Fri Jul 14 17:30:17 2017, MaxMem=    33554432 cpu:         0.1
 (Enter /usr/local/lib/g09_revD.01_amd64/g09/l401.exe)
 ExpMin= 1.69D-01 ExpMax= 1.31D+02 ExpMxC= 1.31D+02 IAcc=3 IRadAn=         5 AccDes= 0.00D+00
 Harris functional with IExCor= 1009 and IRadAn=       5 diagonalized for initial guess.
 HarFok:  IExCor= 1009 AccDes= 0.00D+00 IRadAn=         5 IDoV= 1 UseB2=F ITyADJ=14
 ICtDFT=  3500011 ScaDFX=  1.000000  1.000000  1.000000  1.000000
 FoFCou: FMM=F IPFlag=           0 FMFlag=      100000 FMFlg1=           0
         NFxFlg=           0 DoJE=T BraDBF=F KetDBF=T FulRan=T
         wScrn=  0.000000 ICntrl=     500 IOpCl=  0 I1Cent=   200000004 NGrid=           0
         NMat0=    1 NMatS0=      1 NMatT0=    0 NMatD0=    1 NMtDS0=    0 NMtDT0=    0
 Petite list used in FoFCou.
 Harris En= -75.2959986098500    
 JPrj=0 DoOrth=F DoCkMO=F.
 Initial guess orbital symmetries:
       Occupied  (A') (A') (A') (A') (A")
       Virtual   (A') (A')
 The electronic state of the initial guess is 1-A'.
 Leave Link  401 at Fri Jul 14 17:30:18 2017, MaxMem=    33554432 cpu:         0.3
 (Enter /usr/local/lib/g09_revD.01_amd64/g09/l502.exe)
 Closed shell SCF:
 Using DIIS extrapolation, IDIIS=  1040.
 Integral symmetry usage will be decided dynamically.
 Keep J ints in memory in symmetry-blocked form, NReq=869941.
 IVT=       20150 IEndB=       20150 NGot=    33554432 MDV=    33533862
 LenX=    33533862 LenY=    33532980
 Requested convergence on RMS density matrix=1.00D-08 within 128 cycles.
 Requested convergence on MAX density matrix=1.00D-06.
 Requested convergence on             energy=1.00D-06.
 No special actions if energy rises.
 FoFCou: FMM=F IPFlag=           0 FMFlag=           0 FMFlg1=           0
         NFxFlg=           0 DoJE=F BraDBF=F KetDBF=F FulRan=T
         wScrn=  0.000000 ICntrl=     600 IOpCl=  0 I1Cent=           0 NGrid=           0
         NMat0=    1 NMatS0=     28 NMatT0=    0 NMatD0=    1 NMtDS0=    0 NMtDT0=    0
 Petite list used in FoFCou.
 Integral accuracy reduced to 1.0D-05 until final iterations.

 Cycle   1  Pass 0  IDiag  1:
 E= -75.1731310437162    
 DIIS: error= 7.48D-02 at cycle   1 NSaved=   1.
 NSaved= 1 IEnMin= 1 EnMin= -75.1731310437162     IErMin= 1 ErrMin= 7.48D-02
 ErrMax= 7.48D-02  0.00D+00 EMaxC= 1.00D-01 BMatC= 3.69D-02 BMatP= 3.69D-02
 IDIUse=3 WtCom= 2.52D-01 WtEn= 7.48D-01
 Coeff-Com:  0.100D+01
 Coeff-En:   0.100D+01
 Coeff:      0.100D+01
 Gap=     0.151 Goal=   None    Shift=    0.000
 GapD=    0.151 DampG=1.000 DampE=0.500 DampFc=0.5000 IDamp=-1.
 Damping current iteration by 5.00D-01
 RMSDP=1.04D-01 MaxDP=3.31D-01              OVMax= 0.00D+00

 Cycle   2  Pass 0  IDiag  1:
 E= -75.1896316052675     Delta-E=       -0.016500561551 Rises=F Damp=T
 DIIS: error= 1.64D-02 at cycle   2 NSaved=   2.
 NSaved= 2 IEnMin= 2 EnMin= -75.1896316052675     IErMin= 2 ErrMin= 1.64D-02
 ErrMax= 1.64D-02  0.00D+00 EMaxC= 1.00D-01 BMatC= 2.61D-03 BMatP= 3.69D-02
 IDIUse=3 WtCom= 8.36D-01 WtEn= 1.64D-01
 Coeff-Com:  0.208D+00 0.792D+00
 Coeff-En:   0.349D+00 0.651D+00
 Coeff:      0.231D+00 0.769D+00
 Gap=     0.246 Goal=   None    Shift=    0.000
 RMSDP=1.42D-02 MaxDP=4.06D-02 DE=-1.65D-02 OVMax= 0.00D+00

 Cycle   3  Pass 0  IDiag  1:
 E= -75.2298613168212     Delta-E=       -0.040229711554 Rises=F Damp=F
 DIIS: error= 1.56D-03 at cycle   3 NSaved=   3.
 NSaved= 3 IEnMin= 3 EnMin= -75.2298613168212     IErMin= 3 ErrMin= 1.56D-03
 ErrMax= 1.56D-03  0.00D+00 EMaxC= 1.00D-01 BMatC= 1.91D-05 BMatP= 2.61D-03
 IDIUse=3 WtCom= 9.84D-01 WtEn= 1.56D-02
 Coeff-Com:  0.242D-01 0.131D-01 0.963D+00
 Coeff-En:   0.000D+00 0.000D+00 0.100D+01
 Coeff:      0.238D-01 0.128D-01 0.963D+00
 Gap=     0.261 Goal=   None    Shift=    0.000
 RMSDP=6.80D-04 MaxDP=2.33D-03 DE=-4.02D-02 OVMax= 0.00D+00

 Cycle   4  Pass 0  IDiag  1:
 E= -75.2298857166241     Delta-E=       -0.000024399803 Rises=F Damp=F
 DIIS: error= 1.59D-04 at cycle   4 NSaved=   4.
 NSaved= 4 IEnMin= 4 EnMin= -75.2298857166241     IErMin= 4 ErrMin= 1.59D-04
 ErrMax= 1.59D-04  0.00D+00 EMaxC= 1.00D-01 BMatC= 1.90D-07 BMatP= 1.91D-05
 IDIUse=3 WtCom= 9.98D-01 WtEn= 1.59D-03
 Coeff-Com:  0.435D-02-0.793D-03 0.132D+00 0.865D+00
 Coeff-En:   0.000D+00 0.000D+00 0.000D+00 0.100D+01
 Coeff:      0.434D-02-0.792D-03 0.132D+00 0.865D+00
 Gap=     0.262 Goal=   None    Shift=    0.000
 RMSDP=1.29D-04 MaxDP=3.86D-04 DE=-2.44D-05 OVMax= 0.00D+00

 Cycle   5  Pass 0  IDiag  1:
 E= -75.2298860657971     Delta-E=       -0.000000349173 Rises=F Damp=F
 DIIS: error= 1.23D-05 at cycle   5 NSaved=   5.
 NSaved= 5 IEnMin= 5 EnMin= -75.2298860657971     IErMin= 5 ErrMin= 1.23D-05
 ErrMax= 1.23D-05  0.00D+00 EMaxC= 1.00D-01 BMatC= 1.28D-09 BMatP= 1.90D-07
 IDIUse=1 WtCom= 1.00D+00 WtEn= 0.00D+00
 Coeff-Com:  0.232D-03-0.466D-03 0.519D-02 0.317D-01 0.963D+00
 Coeff:      0.232D-03-0.466D-03 0.519D-02 0.317D-01 0.963D+00
 Gap=     0.262 Goal=   None    Shift=    0.000
 RMSDP=7.12D-06 MaxDP=2.59D-05 DE=-3.49D-07 OVMax= 0.00D+00

 Initial convergence to 1.0D-05 achieved.  Increase integral accuracy.
 Cycle   6  Pass 1  IDiag  1:
 E= -75.2298833986918     Delta-E=        0.000002667105 Rises=F Damp=F
 DIIS: error= 1.44D-06 at cycle   1 NSaved=   1.
 NSaved= 1 IEnMin= 1 EnMin= -75.2298833986918     IErMin= 1 ErrMin= 1.44D-06
 ErrMax= 1.44D-06  0.00D+00 EMaxC= 1.00D-01 BMatC= 1.65D-11 BMatP= 1.65D-11
 IDIUse=1 WtCom= 1.00D+00 WtEn= 0.00D+00
 Coeff-Com:  0.100D+01
 Coeff:      0.100D+01
 Gap=     0.262 Goal=   None    Shift=    0.000
 RMSDP=7.12D-06 MaxDP=2.59D-05 DE= 2.67D-06 OVMax= 0.00D+00

 Cycle   7  Pass 1  IDiag  1:
 E= -75.2298833986593     Delta-E=        0.000000000033 Rises=F Damp=F
 DIIS: error= 2.35D-06 at cycle   2 NSaved=   2.
 NSaved= 2 IEnMin= 1 EnMin= -75.2298833986918     IErMin= 1 ErrMin= 1.44D-06
 ErrMax= 2.35D-06  0.00D+00 EMaxC= 1.00D-01 BMatC= 4.12D-11 BMatP= 1.65D-11
 IDIUse=1 WtCom= 1.00D+00 WtEn= 0.00D+00
 Coeff-Com:  0.613D+00 0.387D+00
 Coeff:      0.613D+00 0.387D+00
 Gap=     0.262 Goal=   None    Shift=    0.000
 RMSDP=1.26D-06 MaxDP=4.17D-06 DE= 3.25D-11 OVMax= 0.00D+00

 Cycle   8  Pass 1  IDiag  1:
 E= -75.2298833987184     Delta-E=       -0.000000000059 Rises=F Damp=F
 DIIS: error= 4.37D-08 at cycle   3 NSaved=   3.
 NSaved= 3 IEnMin= 3 EnMin= -75.2298833987184     IErMin= 3 ErrMin= 4.37D-08
 ErrMax= 4.37D-08  0.00D+00 EMaxC= 1.00D-01 BMatC= 1.95D-14 BMatP= 1.65D-11
 IDIUse=1 WtCom= 1.00D+00 WtEn= 0.00D+00
 Coeff-Com:  0.956D-01 0.453D-01 0.859D+00
 Coeff:      0.956D-01 0.453D-01 0.859D+00
 Gap=     0.262 Goal=   None    Shift=    0.000
 RMSDP=4.99D-08 MaxDP=1.46D-07 DE=-5.91D-11 OVMax= 0.00D+00

 Cycle   9  Pass 1  IDiag  1:
 E= -75.2298833987185     Delta-E=        0.000000000000 Rises=F Damp=F
 DIIS: error= 6.60D-09 at cycle   4 NSaved=   4.
 NSaved= 4 IEnMin= 4 EnMin= -75.2298833987185     IErMin= 4 ErrMin= 6.60D-09
 ErrMax= 6.60D-09  0.00D+00 EMaxC= 1.00D-01 BMatC= 5.04D-16 BMatP= 1.95D-14
 IDIUse=1 WtCom= 1.00D+00 WtEn= 0.00D+00
 Coeff-Com:  0.310D-01 0.135D-01 0.316D+00 0.640D+00
 Coeff:      0.310D-01 0.135D-01 0.316D+00 0.640D+00
 Gap=     0.262 Goal=   None    Shift=    0.000
 RMSDP=7.83D-09 MaxDP=2.44D-08 DE=-8.53D-14 OVMax= 0.00D+00

 SCF Done:  E(RPBE-PBE) =  -75.2298833987     A.U. after    9 cycles
            NFock=  9  Conv=0.78D-08     -V/T= 2.0115
 KE= 7.437568535843D+01 PE=-1.945563396449D+02 EE= 3.694830193217D+01
 Leave Link  502 at Fri Jul 14 17:30:19 2017, MaxMem=    33554432 cpu:         0.9
 (Enter /usr/local/lib/g09_revD.01_amd64/g09/l601.exe)
 Copying SCF densities to generalized density rwf, IOpCl= 0 IROHF=0.

 **********************************************************************

            Population analysis using the SCF density.

 **********************************************************************

 Orbital symmetries:
       Occupied  (A') (A') (A') (A') (A")
       Virtual   (A') (A')
 The electronic state is 1-A'.
 Alpha  occ. eigenvalues --  -18.46425  -0.78842  -0.33989  -0.17999  -0.06293
 Alpha virt. eigenvalues --    0.19865   0.28716
     Molecular Orbital Coefficients:
                           1         2         3         4         5
                           O         O         O         O         O
     Eigenvalues --   -18.46425  -0.78842  -0.33989  -0.17999  -0.06293
   1 1   O  1S          0.99355  -0.23344   0.00000  -0.12027   0.00000
   2        2S          0.02796   0.84780   0.00002   0.57868   0.00000
   3        2PX         0.00000  -0.00001   0.61184   0.00001   0.00000
   4        2PY        -0.00352  -0.16739  -0.00001   0.71487   0.00000
   5        2PZ         0.00000   0.00000   0.00000   0.00000   1.00000
   6 2   H  1S         -0.00582   0.16259   0.44936  -0.33474   0.00000
   7 3   H  1S         -0.00582   0.16260  -0.44936  -0.33474   0.00000
                           6         7
                           V         V
     Eigenvalues --     0.19865   0.28716
   1 1   O  1S          0.10604   0.00001
   2        2S         -0.63957  -0.00009
   3        2PX        -0.00009   0.91621
   4        2PY         0.75653   0.00007
   5        2PZ         0.00000   0.00000
   6 2   H  1S          0.70342  -0.73462
   7 3   H  1S          0.70327   0.73479
     Density Matrix:
                           1         2         3         4         5
   1 1   O  1S          2.11219
   2        2S         -0.47946   2.10884
   3        2PX         0.00000   0.00002   0.74869
   4        2PY        -0.10080   0.54334   0.00001   1.07814
   5        2PZ         0.00000   0.00000   0.00000   0.00000   2.00000
   6 2   H  1S         -0.00697  -0.11204   0.54986  -0.53300   0.00000
   7 3   H  1S         -0.00697  -0.11204  -0.54988  -0.53297   0.00000
                           6         7
   6 2   H  1S          0.68090
   7 3   H  1S         -0.12680   0.68089
    Full Mulliken population analysis:
                           1         2         3         4         5
   1 1   O  1S          2.11219
   2        2S         -0.11349   2.10884
   3        2PX         0.00000   0.00000   0.74869
   4        2PY         0.00000   0.00000   0.00000   1.07814
   5        2PZ         0.00000   0.00000   0.00000   0.00000   2.00000
   6 2   H  1S         -0.00027  -0.04326   0.14760   0.11179   0.00000
   7 3   H  1S         -0.00027  -0.04327   0.14761   0.11178   0.00000
                           6         7
   6 2   H  1S          0.68090
   7 3   H  1S         -0.02305   0.68089
     Gross orbital populations:
                           1
   1 1   O  1S          1.99816
   2        2S          1.90882
   3        2PX         1.04391
   4        2PY         1.30171
   5        2PZ         2.00000
   6 2   H  1S          0.87371
   7 3   H  1S          0.87370
          Condensed to atoms (all electrons):
               1          2          3
     1  O    7.820874   0.215859   0.215861
     2  H    0.215859   0.680896  -0.023048
     3  H    0.215861  -0.023048   0.680885
 Mulliken charges:
               1
     1  O   -0.252594
     2  H    0.126293
     3  H    0.126301
 Sum of Mulliken charges =   0.00000
 Mulliken charges with hydrogens summed into heavy atoms:
               1
     1  O    0.000000
 Electronic spatial extent (au):  <R**2>=             19.8611
 Charge=              0.0000 electrons
 Dipole moment (field-independent basis, Debye):
    X=              0.0000    Y=             -1.4076    Z=              0.0000  Tot=              1.4076
 Quadrupole moment (field-independent basis, Debye-Ang):
   XX=             -4.3765   YY=             -5.3793   ZZ=             -6.2158
   XY=              0.0000   XZ=              0.0000   YZ=              0.0000
 Traceless Quadrupole moment (field-independent basis, Debye-Ang):
   XX=              0.9474   YY=             -0.0554   ZZ=             -0.8920
   XY=              0.0000   XZ=              0.0000   YZ=              0.0000
 Octapole moment (field-independent basis, Debye-Ang**2):
  XXX=              0.0000  YYY=              0.1160  ZZZ=              0.0000  XYY=              0.0000
  XXY=             -0.5883  XXZ=              0.0000  XZZ=              0.0000  YZZ=              0.0980
  YYZ=              0.0000  XYZ=              0.0000
 Hexadecapole moment (field-independent basis, Debye-Ang**3):
 XXXX=             -8.0487 YYYY=             -5.7535 ZZZZ=             -3.3683 XXXY=              0.0001
 XXXZ=              0.0000 YYYX=              0.0001 YYYZ=              0.0000 ZZZX=              0.0000
 ZZZY=              0.0000 XXYY=             -2.0067 XXZZ=             -2.1177 YYZZ=             -1.5703
 XXYZ=              0.0000 YYXZ=              0.0000 ZZXY=              0.0000
 N-N= 8.002468955567D+00 E-N=-1.945563396066D+02  KE= 7.437568535843D+01
 Symmetry A'   KE= 6.931822290641D+01
 Symmetry A"   KE= 5.057462452019D+00
 Orbital energies and kinetic energies (alpha):
                                 1                 2
   1         O               -18.464245         28.621584
   2         O                -0.788418          2.391374
   3         O                -0.339894          1.416930
   4         O                -0.179987          2.229223
   5         O                -0.062925          2.528731
   6         V                 0.198647          2.500796
   7         V                 0.287157          2.551488
 Total kinetic energy from orbitals= 7.437568535843D+01
 No NMR shielding tensors so no spin-rotation constants.
 Leave Link  601 at Fri Jul 14 17:30:19 2017, MaxMem=    33554432 cpu:         0.2
 (Enter /usr/local/lib/g09_revD.01_amd64/g09/l9999.exe)

 Test job not archived.
 1\1\GINC-NODE04\SP\RPBEPBE\STO-3G\H2O1\DUIGNAN\14-Jul-2017\0\\#P PBEPB
 E/STO-3G gfinput pop(full) IOP(3/75=5) IOP(3/33=1)\\h2o -- generated b
 y exatomic.v0.3.6\\0,1\O,0,0.,0.,0.\H,0,1.1,0.,0.\H,0,-0.2661,1.0673,0
 .\\Version=AM64L-G09RevD.01\State=1-A'\HF=-75.2298834\RMSD=7.828e-09\D
 ipole=0.3409442,0.4363995,0.\Quadrupole=0.421775,0.2413955,-0.6631705,
 -0.3616989,0.,0.\PG=CS [SG(H2O1)]\\@


 Everywhere is walking distance if you have the time.
                                    -- Steven Wright
 Job cpu time:       0 days  0 hours  0 minutes  2.0 seconds.
 File lengths (MBytes):  RWF=      5 Int=      0 D2E=      0 Chk=      2 Scr=      1
 Normal termination of Gaussian 09 at Fri Jul 14 17:30:19 2017.
